Started GET "/" for ::1 at 2025-10-01 22:47:31 -0400
  [1m[35m (0.2ms)[0m  [1m[35mCREATE TABLE "schema_migrations" ("version" varchar NOT NULL PRIMARY KEY) /*application='RubymineTestProject1'*/[0m
  [1m[35m (0.1ms)[0m  [1m[35mCREATE TABLE "ar_internal_metadata" ("key" varchar NOT NULL PRIMARY KEY, "value" varchar, "created_at" datetime(6) NOT NULL, "updated_at" datetime(6) NOT NULL) /*application='RubymineTestProject1'*/[0m
  [1m[36mActiveRecord::SchemaMigration Load (0.1ms)[0m  [1m[34mSELECT "schema_migrations"."version" FROM "schema_migrations" ORDER BY "schema_migrations"."version" ASC /*application='RubymineTestProject1'*/[0m
Processing by Rails::WelcomeController#index as HTML
  Rendering /Users/alexscholtes/.rbenv/versions/3.3.0/lib/ruby/gems/3.3.0/gems/railties-8.0.3/lib/rails/templates/rails/welcome/index.html.erb
  Rendered /Users/alexscholtes/.rbenv/versions/3.3.0/lib/ruby/gems/3.3.0/gems/railties-8.0.3/lib/rails/templates/rails/welcome/index.html.erb (Duration: 0.3ms | GC: 0.0ms)
Completed 200 OK in 27ms (Views: 2.7ms | ActiveRecord: 0.0ms (0 queries, 0 cached) | GC: 0.0ms)


  [1m[36mActiveRecord::InternalMetadata Load (0.1ms)[0m  [1m[34mSELECT * FROM "ar_internal_metadata" WHERE "ar_internal_metadata"."key" = 'environment' ORDER BY "ar_internal_metadata"."key" ASC LIMIT 1 /*application='RubymineTestProject1'*/[0m
  [1m[36mActiveRecord::InternalMetadata Create (0.1ms)[0m  [1m[32mINSERT INTO "ar_internal_metadata" ("key", "value", "created_at", "updated_at") VALUES ('environment', 'development', '2025-10-02 02:52:04.622858', '2025-10-02 02:52:04.622859') RETURNING "key" /*application='RubymineTestProject1'*/[0m
  [1m[36mActiveRecord::SchemaMigration Load (0.0ms)[0m  [1m[34mSELECT "schema_migrations"."version" FROM "schema_migrations" ORDER BY "schema_migrations"."version" ASC /*application='RubymineTestProject1'*/[0m
Migrating to CreateStreams (20251002025204)
  [1m[36mTRANSACTION (0.0ms)[0m  [1m[35mBEGIN immediate TRANSACTION /*application='RubymineTestProject1'*/[0m
  [1m[35m (0.4ms)[0m  [1m[35mCREATE TABLE "streams" ("id" integer PRIMARY KEY AUTOINCREMENT NOT NULL, "user_id" integer NOT NULL, "title" varchar, "status" varchar, "stream_key" varchar, "playback_path" varchar, "created_at" datetime(6) NOT NULL, "updated_at" datetime(6) NOT NULL, CONSTRAINT "fk_rails_bb64178f90"
FOREIGN KEY ("user_id")
  REFERENCES "users" ("id")
) /*application='RubymineTestProject1'*/[0m
  [1m[35m (0.0ms)[0m  [1m[35mCREATE INDEX "index_streams_on_user_id" ON "streams" ("user_id") /*application='RubymineTestProject1'*/[0m
  [1m[35m (0.0ms)[0m  [1m[35mCREATE INDEX "index_streams_on_stream_key" ON "streams" ("stream_key") /*application='RubymineTestProject1'*/[0m
  [1m[36mActiveRecord::SchemaMigration Create (0.0ms)[0m  [1m[32mINSERT INTO "schema_migrations" ("version") VALUES ('20251002025204') RETURNING "version" /*application='RubymineTestProject1'*/[0m
  [1m[36mTRANSACTION (0.0ms)[0m  [1m[35mCOMMIT TRANSACTION /*application='RubymineTestProject1'*/[0m
  [1m[36mActiveRecord::SchemaMigration Load (0.0ms)[0m  [1m[34mSELECT "schema_migrations"."version" FROM "schema_migrations" ORDER BY "schema_migrations"."version" ASC /*application='RubymineTestProject1'*/[0m
  [1m[36mActiveRecord::InternalMetadata Load (0.2ms)[0m  [1m[34mSELECT * FROM "ar_internal_metadata" WHERE "ar_internal_metadata"."key" = 'environment' ORDER BY "ar_internal_metadata"."key" ASC LIMIT 1 /*application='RubymineTestProject1'*/[0m
  [1m[36mActiveRecord::SchemaMigration Load (0.0ms)[0m  [1m[34mSELECT "schema_migrations"."version" FROM "schema_migrations" ORDER BY "schema_migrations"."version" ASC /*application='RubymineTestProject1'*/[0m
Migrating to CreateUsers (20251002032721)
  [1m[36mTRANSACTION (0.0ms)[0m  [1m[35mBEGIN immediate TRANSACTION /*application='RubymineTestProject1'*/[0m
  [1m[35m (0.3ms)[0m  [1m[35mCREATE TABLE "users" ("id" integer PRIMARY KEY AUTOINCREMENT NOT NULL, "username" varchar, "email" varchar, "password_digest" varchar, "stream_key" varchar, "created_at" datetime(6) NOT NULL, "updated_at" datetime(6) NOT NULL) /*application='RubymineTestProject1'*/[0m
  [1m[35m (0.0ms)[0m  [1m[35mCREATE UNIQUE INDEX "index_users_on_username" ON "users" ("username") /*application='RubymineTestProject1'*/[0m
  [1m[35m (0.0ms)[0m  [1m[35mCREATE UNIQUE INDEX "index_users_on_email" ON "users" ("email") /*application='RubymineTestProject1'*/[0m
  [1m[35m (0.0ms)[0m  [1m[35mCREATE UNIQUE INDEX "index_users_on_stream_key" ON "users" ("stream_key") /*application='RubymineTestProject1'*/[0m
  [1m[36mActiveRecord::SchemaMigration Create (0.0ms)[0m  [1m[32mINSERT INTO "schema_migrations" ("version") VALUES ('20251002032721') RETURNING "version" /*application='RubymineTestProject1'*/[0m
  [1m[36mTRANSACTION (0.1ms)[0m  [1m[35mCOMMIT TRANSACTION /*application='RubymineTestProject1'*/[0m
  [1m[36mActiveRecord::SchemaMigration Load (0.0ms)[0m  [1m[34mSELECT "schema_migrations"."version" FROM "schema_migrations" ORDER BY "schema_migrations"."version" ASC /*application='RubymineTestProject1'*/[0m
Started GET "/" for 127.0.0.1 at 2025-10-02 00:03:07 -0400
  [1m[36mActiveRecord::SchemaMigration Load (0.1ms)[0m  [1m[34mSELECT "schema_migrations"."version" FROM "schema_migrations" ORDER BY "schema_migrations"."version" ASC /*application='RubymineTestProject1'*/[0m
Processing by SessionsController#new as HTML
  Rendering layout layouts/application.html.erb
  Rendering sessions/new.html.erb within layouts/application
  Rendered sessions/new.html.erb within layouts/application (Duration: 2.1ms | GC: 0.0ms)
  Rendered layout layouts/application.html.erb (Duration: 6.4ms | GC: 0.0ms)
Completed 200 OK in 30ms (Views: 7.7ms | ActiveRecord: 0.0ms (0 queries, 0 cached) | GC: 0.0ms)


Started GET "/signup" for 127.0.0.1 at 2025-10-02 00:03:23 -0400
  
ActionController::RoutingError (uninitialized constant RegistrationsController)
Caused by: ActionDispatch::MissingController (uninitialized constant RegistrationsController)
Caused by: NameError (uninitialized constant RegistrationsController)

Information for: ActionController::RoutingError (uninitialized constant RegistrationsController):
  

Information for cause: ActionDispatch::MissingController (uninitialized constant RegistrationsController):
  
actionpack (8.0.3) lib/action_dispatch/http/request.rb:102:in `rescue in controller_class_for'
actionpack (8.0.3) lib/action_dispatch/http/request.rb:98:in `controller_class_for'
actionpack (8.0.3) lib/action_dispatch/http/request.rb:91:in `controller_class'
actionpack (8.0.3) lib/action_dispatch/routing/route_set.rb:61:in `controller'
actionpack (8.0.3) lib/action_dispatch/routing/route_set.rb:48:in `serve'
actionpack (8.0.3) lib/action_dispatch/journey/router.rb:53:in `block in serve'
actionpack (8.0.3) lib/action_dispatch/journey/router.rb:133:in `block in find_routes'
actionpack (8.0.3) lib/action_dispatch/journey/router.rb:126:in `each'
actionpack (8.0.3) lib/action_dispatch/journey/router.rb:126:in `find_routes'
actionpack (8.0.3) lib/action_dispatch/journey/router.rb:34:in `serve'
actionpack (8.0.3) lib/action_dispatch/routing/route_set.rb:908:in `call'
railties (8.0.3) lib/rails/engine/lazy_route_set.rb:60:in `call'
rack (3.2.1) lib/rack/tempfile_reaper.rb:20:in `call'
rack (3.2.1) lib/rack/etag.rb:29:in `call'
rack (3.2.1) lib/rack/conditional_get.rb:31:in `call'
rack (3.2.1) lib/rack/head.rb:15:in `call'
actionpack (8.0.3) lib/action_dispatch/http/permissions_policy.rb:38:in `call'
actionpack (8.0.3) lib/action_dispatch/http/content_security_policy.rb:38:in `call'
rack-session (2.1.1) lib/rack/session/abstract/id.rb:274:in `context'
rack-session (2.1.1) lib/rack/session/abstract/id.rb:268:in `call'
actionpack (8.0.3) lib/action_dispatch/middleware/cookies.rb:706:in `call'
activerecord (8.0.3) lib/active_record/migration.rb:670:in `call'
actionpack (8.0.3) lib/action_dispatch/middleware/callbacks.rb:31:in `block in call'
activesupport (8.0.3) lib/active_support/callbacks.rb:100:in `run_callbacks'
actionpack (8.0.3) lib/action_dispatch/middleware/callbacks.rb:30:in `call'
actionpack (8.0.3) lib/action_dispatch/middleware/executor.rb:16:in `call'
actionpack (8.0.3) lib/action_dispatch/middleware/actionable_exceptions.rb:18:in `call'
actionpack (8.0.3) lib/action_dispatch/middleware/debug_exceptions.rb:31:in `call'
web-console (4.2.1) lib/web_console/middleware.rb:132:in `call_app'
web-console (4.2.1) lib/web_console/middleware.rb:28:in `block in call'
web-console (4.2.1) lib/web_console/middleware.rb:17:in `catch'
web-console (4.2.1) lib/web_console/middleware.rb:17:in `call'
actionpack (8.0.3) lib/action_dispatch/middleware/show_exceptions.rb:32:in `call'
railties (8.0.3) lib/rails/rack/logger.rb:41:in `call_app'
railties (8.0.3) lib/rails/rack/logger.rb:29:in `call'
actionpack (8.0.3) lib/action_dispatch/middleware/remote_ip.rb:96:in `call'
actionpack (8.0.3) lib/action_dispatch/middleware/request_id.rb:34:in `call'
rack (3.2.1) lib/rack/method_override.rb:28:in `call'
rack (3.2.1) lib/rack/runtime.rb:24:in `call'
actionpack (8.0.3) lib/action_dispatch/middleware/server_timing.rb:61:in `block in call'
actionpack (8.0.3) lib/action_dispatch/middleware/server_timing.rb:26:in `collect_events'
actionpack (8.0.3) lib/action_dispatch/middleware/server_timing.rb:60:in `call'
actionpack (8.0.3) lib/action_dispatch/middleware/executor.rb:16:in `call'
propshaft (1.3.1) lib/propshaft/server.rb:37:in `call'
actionpack (8.0.3) lib/action_dispatch/middleware/static.rb:27:in `call'
rack (3.2.1) lib/rack/sendfile.rb:114:in `call'
actionpack (8.0.3) lib/action_dispatch/middleware/host_authorization.rb:143:in `call'
railties (8.0.3) lib/rails/engine.rb:535:in `call'
puma (7.0.4) lib/puma/configuration.rb:299:in `call'
puma (7.0.4) lib/puma/request.rb:101:in `block in handle_request'
puma (7.0.4) lib/puma/thread_pool.rb:346:in `with_force_shutdown'
puma (7.0.4) lib/puma/request.rb:100:in `handle_request'
puma (7.0.4) lib/puma/server.rb:506:in `process_client'
puma (7.0.4) lib/puma/server.rb:265:in `block in run'
puma (7.0.4) lib/puma/thread_pool.rb:173:in `block in spawn_thread'

Information for cause: NameError (uninitialized constant RegistrationsController):
  
activesupport (8.0.3) lib/active_support/inflector/methods.rb:290:in `constantize'
activesupport (8.0.3) lib/active_support/core_ext/string/inflections.rb:74:in `constantize'
actionpack (8.0.3) lib/action_dispatch/http/request.rb:99:in `controller_class_for'
actionpack (8.0.3) lib/action_dispatch/http/request.rb:91:in `controller_class'
actionpack (8.0.3) lib/action_dispatch/routing/route_set.rb:61:in `controller'
actionpack (8.0.3) lib/action_dispatch/routing/route_set.rb:48:in `serve'
actionpack (8.0.3) lib/action_dispatch/journey/router.rb:53:in `block in serve'
actionpack (8.0.3) lib/action_dispatch/journey/router.rb:133:in `block in find_routes'
actionpack (8.0.3) lib/action_dispatch/journey/router.rb:126:in `each'
actionpack (8.0.3) lib/action_dispatch/journey/router.rb:126:in `find_routes'
actionpack (8.0.3) lib/action_dispatch/journey/router.rb:34:in `serve'
actionpack (8.0.3) lib/action_dispatch/routing/route_set.rb:908:in `call'
railties (8.0.3) lib/rails/engine/lazy_route_set.rb:60:in `call'
rack (3.2.1) lib/rack/tempfile_reaper.rb:20:in `call'
rack (3.2.1) lib/rack/etag.rb:29:in `call'
rack (3.2.1) lib/rack/conditional_get.rb:31:in `call'
rack (3.2.1) lib/rack/head.rb:15:in `call'
actionpack (8.0.3) lib/action_dispatch/http/permissions_policy.rb:38:in `call'
actionpack (8.0.3) lib/action_dispatch/http/content_security_policy.rb:38:in `call'
rack-session (2.1.1) lib/rack/session/abstract/id.rb:274:in `context'
rack-session (2.1.1) lib/rack/session/abstract/id.rb:268:in `call'
actionpack (8.0.3) lib/action_dispatch/middleware/cookies.rb:706:in `call'
activerecord (8.0.3) lib/active_record/migration.rb:670:in `call'
actionpack (8.0.3) lib/action_dispatch/middleware/callbacks.rb:31:in `block in call'
activesupport (8.0.3) lib/active_support/callbacks.rb:100:in `run_callbacks'
actionpack (8.0.3) lib/action_dispatch/middleware/callbacks.rb:30:in `call'
actionpack (8.0.3) lib/action_dispatch/middleware/executor.rb:16:in `call'
actionpack (8.0.3) lib/action_dispatch/middleware/actionable_exceptions.rb:18:in `call'
actionpack (8.0.3) lib/action_dispatch/middleware/debug_exceptions.rb:31:in `call'
web-console (4.2.1) lib/web_console/middleware.rb:132:in `call_app'
web-console (4.2.1) lib/web_console/middleware.rb:28:in `block in call'
web-console (4.2.1) lib/web_console/middleware.rb:17:in `catch'
web-console (4.2.1) lib/web_console/middleware.rb:17:in `call'
actionpack (8.0.3) lib/action_dispatch/middleware/show_exceptions.rb:32:in `call'
railties (8.0.3) lib/rails/rack/logger.rb:41:in `call_app'
railties (8.0.3) lib/rails/rack/logger.rb:29:in `call'
actionpack (8.0.3) lib/action_dispatch/middleware/remote_ip.rb:96:in `call'
actionpack (8.0.3) lib/action_dispatch/middleware/request_id.rb:34:in `call'
rack (3.2.1) lib/rack/method_override.rb:28:in `call'
rack (3.2.1) lib/rack/runtime.rb:24:in `call'
actionpack (8.0.3) lib/action_dispatch/middleware/server_timing.rb:61:in `block in call'
actionpack (8.0.3) lib/action_dispatch/middleware/server_timing.rb:26:in `collect_events'
actionpack (8.0.3) lib/action_dispatch/middleware/server_timing.rb:60:in `call'
actionpack (8.0.3) lib/action_dispatch/middleware/executor.rb:16:in `call'
propshaft (1.3.1) lib/propshaft/server.rb:37:in `call'
actionpack (8.0.3) lib/action_dispatch/middleware/static.rb:27:in `call'
rack (3.2.1) lib/rack/sendfile.rb:114:in `call'
actionpack (8.0.3) lib/action_dispatch/middleware/host_authorization.rb:143:in `call'
railties (8.0.3) lib/rails/engine.rb:535:in `call'
puma (7.0.4) lib/puma/configuration.rb:299:in `call'
puma (7.0.4) lib/puma/request.rb:101:in `block in handle_request'
puma (7.0.4) lib/puma/thread_pool.rb:346:in `with_force_shutdown'
puma (7.0.4) lib/puma/request.rb:100:in `handle_request'
puma (7.0.4) lib/puma/server.rb:506:in `process_client'
puma (7.0.4) lib/puma/server.rb:265:in `block in run'
puma (7.0.4) lib/puma/thread_pool.rb:173:in `block in spawn_thread'
Started GET "/" for 127.0.0.1 at 2025-10-02 00:03:27 -0400
Processing by SessionsController#new as HTML
  Rendering layout layouts/application.html.erb
  Rendering sessions/new.html.erb within layouts/application
  Rendered sessions/new.html.erb within layouts/application (Duration: 0.5ms | GC: 0.0ms)
  Rendered layout layouts/application.html.erb (Duration: 0.9ms | GC: 0.1ms)
Completed 200 OK in 23ms (Views: 1.3ms | ActiveRecord: 0.0ms (0 queries, 0 cached) | GC: 0.1ms)


Started GET "/" for ::1 at 2025-10-02 00:14:27 -0400
Processing by SessionsController#new as HTML
  Rendering layout layouts/application.html.erb
  Rendering sessions/new.html.erb within layouts/application
  Rendered sessions/new.html.erb within layouts/application (Duration: 0.7ms | GC: 0.0ms)
  Rendered layout layouts/application.html.erb (Duration: 1.9ms | GC: 0.0ms)
Completed 200 OK in 20ms (Views: 2.7ms | ActiveRecord: 0.0ms (0 queries, 0 cached) | GC: 0.0ms)


Started GET "/signup" for ::1 at 2025-10-02 00:14:32 -0400
  
ActionController::RoutingError (uninitialized constant RegistrationsController)
Caused by: ActionDispatch::MissingController (uninitialized constant RegistrationsController)
Caused by: NameError (uninitialized constant RegistrationsController)

Information for: ActionController::RoutingError (uninitialized constant RegistrationsController):
  

Information for cause: ActionDispatch::MissingController (uninitialized constant RegistrationsController):
  
actionpack (8.0.3) lib/action_dispatch/http/request.rb:102:in `rescue in controller_class_for'
actionpack (8.0.3) lib/action_dispatch/http/request.rb:98:in `controller_class_for'
actionpack (8.0.3) lib/action_dispatch/http/request.rb:91:in `controller_class'
actionpack (8.0.3) lib/action_dispatch/routing/route_set.rb:61:in `controller'
actionpack (8.0.3) lib/action_dispatch/routing/route_set.rb:48:in `serve'
actionpack (8.0.3) lib/action_dispatch/journey/router.rb:53:in `block in serve'
actionpack (8.0.3) lib/action_dispatch/journey/router.rb:133:in `block in find_routes'
actionpack (8.0.3) lib/action_dispatch/journey/router.rb:126:in `each'
actionpack (8.0.3) lib/action_dispatch/journey/router.rb:126:in `find_routes'
actionpack (8.0.3) lib/action_dispatch/journey/router.rb:34:in `serve'
actionpack (8.0.3) lib/action_dispatch/routing/route_set.rb:908:in `call'
railties (8.0.3) lib/rails/engine/lazy_route_set.rb:60:in `call'
rack (3.2.1) lib/rack/tempfile_reaper.rb:20:in `call'
rack (3.2.1) lib/rack/etag.rb:29:in `call'
rack (3.2.1) lib/rack/conditional_get.rb:31:in `call'
rack (3.2.1) lib/rack/head.rb:15:in `call'
actionpack (8.0.3) lib/action_dispatch/http/permissions_policy.rb:38:in `call'
actionpack (8.0.3) lib/action_dispatch/http/content_security_policy.rb:38:in `call'
rack-session (2.1.1) lib/rack/session/abstract/id.rb:274:in `context'
rack-session (2.1.1) lib/rack/session/abstract/id.rb:268:in `call'
actionpack (8.0.3) lib/action_dispatch/middleware/cookies.rb:706:in `call'
activerecord (8.0.3) lib/active_record/migration.rb:670:in `call'
actionpack (8.0.3) lib/action_dispatch/middleware/callbacks.rb:31:in `block in call'
activesupport (8.0.3) lib/active_support/callbacks.rb:100:in `run_callbacks'
actionpack (8.0.3) lib/action_dispatch/middleware/callbacks.rb:30:in `call'
actionpack (8.0.3) lib/action_dispatch/middleware/executor.rb:16:in `call'
actionpack (8.0.3) lib/action_dispatch/middleware/actionable_exceptions.rb:18:in `call'
actionpack (8.0.3) lib/action_dispatch/middleware/debug_exceptions.rb:31:in `call'
web-console (4.2.1) lib/web_console/middleware.rb:132:in `call_app'
web-console (4.2.1) lib/web_console/middleware.rb:28:in `block in call'
web-console (4.2.1) lib/web_console/middleware.rb:17:in `catch'
web-console (4.2.1) lib/web_console/middleware.rb:17:in `call'
actionpack (8.0.3) lib/action_dispatch/middleware/show_exceptions.rb:32:in `call'
railties (8.0.3) lib/rails/rack/logger.rb:41:in `call_app'
railties (8.0.3) lib/rails/rack/logger.rb:29:in `call'
actionpack (8.0.3) lib/action_dispatch/middleware/remote_ip.rb:96:in `call'
actionpack (8.0.3) lib/action_dispatch/middleware/request_id.rb:34:in `call'
rack (3.2.1) lib/rack/method_override.rb:28:in `call'
rack (3.2.1) lib/rack/runtime.rb:24:in `call'
actionpack (8.0.3) lib/action_dispatch/middleware/server_timing.rb:61:in `block in call'
actionpack (8.0.3) lib/action_dispatch/middleware/server_timing.rb:26:in `collect_events'
actionpack (8.0.3) lib/action_dispatch/middleware/server_timing.rb:60:in `call'
actionpack (8.0.3) lib/action_dispatch/middleware/executor.rb:16:in `call'
propshaft (1.3.1) lib/propshaft/server.rb:37:in `call'
actionpack (8.0.3) lib/action_dispatch/middleware/static.rb:27:in `call'
rack (3.2.1) lib/rack/sendfile.rb:114:in `call'
actionpack (8.0.3) lib/action_dispatch/middleware/host_authorization.rb:143:in `call'
railties (8.0.3) lib/rails/engine.rb:535:in `call'
puma (7.0.4) lib/puma/configuration.rb:299:in `call'
puma (7.0.4) lib/puma/request.rb:101:in `block in handle_request'
puma (7.0.4) lib/puma/thread_pool.rb:346:in `with_force_shutdown'
puma (7.0.4) lib/puma/request.rb:100:in `handle_request'
puma (7.0.4) lib/puma/server.rb:506:in `process_client'
puma (7.0.4) lib/puma/server.rb:265:in `block in run'
puma (7.0.4) lib/puma/thread_pool.rb:173:in `block in spawn_thread'

Information for cause: NameError (uninitialized constant RegistrationsController):
  
activesupport (8.0.3) lib/active_support/inflector/methods.rb:290:in `constantize'
activesupport (8.0.3) lib/active_support/core_ext/string/inflections.rb:74:in `constantize'
actionpack (8.0.3) lib/action_dispatch/http/request.rb:99:in `controller_class_for'
actionpack (8.0.3) lib/action_dispatch/http/request.rb:91:in `controller_class'
actionpack (8.0.3) lib/action_dispatch/routing/route_set.rb:61:in `controller'
actionpack (8.0.3) lib/action_dispatch/routing/route_set.rb:48:in `serve'
actionpack (8.0.3) lib/action_dispatch/journey/router.rb:53:in `block in serve'
actionpack (8.0.3) lib/action_dispatch/journey/router.rb:133:in `block in find_routes'
actionpack (8.0.3) lib/action_dispatch/journey/router.rb:126:in `each'
actionpack (8.0.3) lib/action_dispatch/journey/router.rb:126:in `find_routes'
actionpack (8.0.3) lib/action_dispatch/journey/router.rb:34:in `serve'
actionpack (8.0.3) lib/action_dispatch/routing/route_set.rb:908:in `call'
railties (8.0.3) lib/rails/engine/lazy_route_set.rb:60:in `call'
rack (3.2.1) lib/rack/tempfile_reaper.rb:20:in `call'
rack (3.2.1) lib/rack/etag.rb:29:in `call'
rack (3.2.1) lib/rack/conditional_get.rb:31:in `call'
rack (3.2.1) lib/rack/head.rb:15:in `call'
actionpack (8.0.3) lib/action_dispatch/http/permissions_policy.rb:38:in `call'
actionpack (8.0.3) lib/action_dispatch/http/content_security_policy.rb:38:in `call'
rack-session (2.1.1) lib/rack/session/abstract/id.rb:274:in `context'
rack-session (2.1.1) lib/rack/session/abstract/id.rb:268:in `call'
actionpack (8.0.3) lib/action_dispatch/middleware/cookies.rb:706:in `call'
activerecord (8.0.3) lib/active_record/migration.rb:670:in `call'
actionpack (8.0.3) lib/action_dispatch/middleware/callbacks.rb:31:in `block in call'
activesupport (8.0.3) lib/active_support/callbacks.rb:100:in `run_callbacks'
actionpack (8.0.3) lib/action_dispatch/middleware/callbacks.rb:30:in `call'
actionpack (8.0.3) lib/action_dispatch/middleware/executor.rb:16:in `call'
actionpack (8.0.3) lib/action_dispatch/middleware/actionable_exceptions.rb:18:in `call'
actionpack (8.0.3) lib/action_dispatch/middleware/debug_exceptions.rb:31:in `call'
web-console (4.2.1) lib/web_console/middleware.rb:132:in `call_app'
web-console (4.2.1) lib/web_console/middleware.rb:28:in `block in call'
web-console (4.2.1) lib/web_console/middleware.rb:17:in `catch'
web-console (4.2.1) lib/web_console/middleware.rb:17:in `call'
actionpack (8.0.3) lib/action_dispatch/middleware/show_exceptions.rb:32:in `call'
railties (8.0.3) lib/rails/rack/logger.rb:41:in `call_app'
railties (8.0.3) lib/rails/rack/logger.rb:29:in `call'
actionpack (8.0.3) lib/action_dispatch/middleware/remote_ip.rb:96:in `call'
actionpack (8.0.3) lib/action_dispatch/middleware/request_id.rb:34:in `call'
rack (3.2.1) lib/rack/method_override.rb:28:in `call'
rack (3.2.1) lib/rack/runtime.rb:24:in `call'
actionpack (8.0.3) lib/action_dispatch/middleware/server_timing.rb:61:in `block in call'
actionpack (8.0.3) lib/action_dispatch/middleware/server_timing.rb:26:in `collect_events'
actionpack (8.0.3) lib/action_dispatch/middleware/server_timing.rb:60:in `call'
actionpack (8.0.3) lib/action_dispatch/middleware/executor.rb:16:in `call'
propshaft (1.3.1) lib/propshaft/server.rb:37:in `call'
actionpack (8.0.3) lib/action_dispatch/middleware/static.rb:27:in `call'
rack (3.2.1) lib/rack/sendfile.rb:114:in `call'
actionpack (8.0.3) lib/action_dispatch/middleware/host_authorization.rb:143:in `call'
railties (8.0.3) lib/rails/engine.rb:535:in `call'
puma (7.0.4) lib/puma/configuration.rb:299:in `call'
puma (7.0.4) lib/puma/request.rb:101:in `block in handle_request'
puma (7.0.4) lib/puma/thread_pool.rb:346:in `with_force_shutdown'
puma (7.0.4) lib/puma/request.rb:100:in `handle_request'
puma (7.0.4) lib/puma/server.rb:506:in `process_client'
puma (7.0.4) lib/puma/server.rb:265:in `block in run'
puma (7.0.4) lib/puma/thread_pool.rb:173:in `block in spawn_thread'
Started GET "/signup" for ::1 at 2025-10-02 00:14:50 -0400
  
ActionController::RoutingError (uninitialized constant RegistrationsController)
Caused by: ActionDispatch::MissingController (uninitialized constant RegistrationsController)
Caused by: NameError (uninitialized constant RegistrationsController)

Information for: ActionController::RoutingError (uninitialized constant RegistrationsController):
  

Information for cause: ActionDispatch::MissingController (uninitialized constant RegistrationsController):
  
actionpack (8.0.3) lib/action_dispatch/http/request.rb:102:in `rescue in controller_class_for'
actionpack (8.0.3) lib/action_dispatch/http/request.rb:98:in `controller_class_for'
actionpack (8.0.3) lib/action_dispatch/http/request.rb:91:in `controller_class'
actionpack (8.0.3) lib/action_dispatch/routing/route_set.rb:61:in `controller'
actionpack (8.0.3) lib/action_dispatch/routing/route_set.rb:48:in `serve'
actionpack (8.0.3) lib/action_dispatch/journey/router.rb:53:in `block in serve'
actionpack (8.0.3) lib/action_dispatch/journey/router.rb:133:in `block in find_routes'
actionpack (8.0.3) lib/action_dispatch/journey/router.rb:126:in `each'
actionpack (8.0.3) lib/action_dispatch/journey/router.rb:126:in `find_routes'
actionpack (8.0.3) lib/action_dispatch/journey/router.rb:34:in `serve'
actionpack (8.0.3) lib/action_dispatch/routing/route_set.rb:908:in `call'
railties (8.0.3) lib/rails/engine/lazy_route_set.rb:60:in `call'
rack (3.2.1) lib/rack/tempfile_reaper.rb:20:in `call'
rack (3.2.1) lib/rack/etag.rb:29:in `call'
rack (3.2.1) lib/rack/conditional_get.rb:31:in `call'
rack (3.2.1) lib/rack/head.rb:15:in `call'
actionpack (8.0.3) lib/action_dispatch/http/permissions_policy.rb:38:in `call'
actionpack (8.0.3) lib/action_dispatch/http/content_security_policy.rb:38:in `call'
rack-session (2.1.1) lib/rack/session/abstract/id.rb:274:in `context'
rack-session (2.1.1) lib/rack/session/abstract/id.rb:268:in `call'
actionpack (8.0.3) lib/action_dispatch/middleware/cookies.rb:706:in `call'
activerecord (8.0.3) lib/active_record/migration.rb:670:in `call'
actionpack (8.0.3) lib/action_dispatch/middleware/callbacks.rb:31:in `block in call'
activesupport (8.0.3) lib/active_support/callbacks.rb:100:in `run_callbacks'
actionpack (8.0.3) lib/action_dispatch/middleware/callbacks.rb:30:in `call'
actionpack (8.0.3) lib/action_dispatch/middleware/executor.rb:16:in `call'
actionpack (8.0.3) lib/action_dispatch/middleware/actionable_exceptions.rb:18:in `call'
actionpack (8.0.3) lib/action_dispatch/middleware/debug_exceptions.rb:31:in `call'
web-console (4.2.1) lib/web_console/middleware.rb:132:in `call_app'
web-console (4.2.1) lib/web_console/middleware.rb:28:in `block in call'
web-console (4.2.1) lib/web_console/middleware.rb:17:in `catch'
web-console (4.2.1) lib/web_console/middleware.rb:17:in `call'
actionpack (8.0.3) lib/action_dispatch/middleware/show_exceptions.rb:32:in `call'
railties (8.0.3) lib/rails/rack/logger.rb:41:in `call_app'
railties (8.0.3) lib/rails/rack/logger.rb:29:in `call'
actionpack (8.0.3) lib/action_dispatch/middleware/remote_ip.rb:96:in `call'
actionpack (8.0.3) lib/action_dispatch/middleware/request_id.rb:34:in `call'
rack (3.2.1) lib/rack/method_override.rb:28:in `call'
rack (3.2.1) lib/rack/runtime.rb:24:in `call'
actionpack (8.0.3) lib/action_dispatch/middleware/server_timing.rb:61:in `block in call'
actionpack (8.0.3) lib/action_dispatch/middleware/server_timing.rb:26:in `collect_events'
actionpack (8.0.3) lib/action_dispatch/middleware/server_timing.rb:60:in `call'
actionpack (8.0.3) lib/action_dispatch/middleware/executor.rb:16:in `call'
propshaft (1.3.1) lib/propshaft/server.rb:37:in `call'
actionpack (8.0.3) lib/action_dispatch/middleware/static.rb:27:in `call'
rack (3.2.1) lib/rack/sendfile.rb:114:in `call'
actionpack (8.0.3) lib/action_dispatch/middleware/host_authorization.rb:143:in `call'
railties (8.0.3) lib/rails/engine.rb:535:in `call'
puma (7.0.4) lib/puma/configuration.rb:299:in `call'
puma (7.0.4) lib/puma/request.rb:101:in `block in handle_request'
puma (7.0.4) lib/puma/thread_pool.rb:346:in `with_force_shutdown'
puma (7.0.4) lib/puma/request.rb:100:in `handle_request'
puma (7.0.4) lib/puma/server.rb:506:in `process_client'
puma (7.0.4) lib/puma/server.rb:265:in `block in run'
puma (7.0.4) lib/puma/thread_pool.rb:173:in `block in spawn_thread'

Information for cause: NameError (uninitialized constant RegistrationsController):
  
activesupport (8.0.3) lib/active_support/inflector/methods.rb:290:in `constantize'
activesupport (8.0.3) lib/active_support/core_ext/string/inflections.rb:74:in `constantize'
actionpack (8.0.3) lib/action_dispatch/http/request.rb:99:in `controller_class_for'
actionpack (8.0.3) lib/action_dispatch/http/request.rb:91:in `controller_class'
actionpack (8.0.3) lib/action_dispatch/routing/route_set.rb:61:in `controller'
actionpack (8.0.3) lib/action_dispatch/routing/route_set.rb:48:in `serve'
actionpack (8.0.3) lib/action_dispatch/journey/router.rb:53:in `block in serve'
actionpack (8.0.3) lib/action_dispatch/journey/router.rb:133:in `block in find_routes'
actionpack (8.0.3) lib/action_dispatch/journey/router.rb:126:in `each'
actionpack (8.0.3) lib/action_dispatch/journey/router.rb:126:in `find_routes'
actionpack (8.0.3) lib/action_dispatch/journey/router.rb:34:in `serve'
actionpack (8.0.3) lib/action_dispatch/routing/route_set.rb:908:in `call'
railties (8.0.3) lib/rails/engine/lazy_route_set.rb:60:in `call'
rack (3.2.1) lib/rack/tempfile_reaper.rb:20:in `call'
rack (3.2.1) lib/rack/etag.rb:29:in `call'
rack (3.2.1) lib/rack/conditional_get.rb:31:in `call'
rack (3.2.1) lib/rack/head.rb:15:in `call'
actionpack (8.0.3) lib/action_dispatch/http/permissions_policy.rb:38:in `call'
actionpack (8.0.3) lib/action_dispatch/http/content_security_policy.rb:38:in `call'
rack-session (2.1.1) lib/rack/session/abstract/id.rb:274:in `context'
rack-session (2.1.1) lib/rack/session/abstract/id.rb:268:in `call'
actionpack (8.0.3) lib/action_dispatch/middleware/cookies.rb:706:in `call'
activerecord (8.0.3) lib/active_record/migration.rb:670:in `call'
actionpack (8.0.3) lib/action_dispatch/middleware/callbacks.rb:31:in `block in call'
activesupport (8.0.3) lib/active_support/callbacks.rb:100:in `run_callbacks'
actionpack (8.0.3) lib/action_dispatch/middleware/callbacks.rb:30:in `call'
actionpack (8.0.3) lib/action_dispatch/middleware/executor.rb:16:in `call'
actionpack (8.0.3) lib/action_dispatch/middleware/actionable_exceptions.rb:18:in `call'
actionpack (8.0.3) lib/action_dispatch/middleware/debug_exceptions.rb:31:in `call'
web-console (4.2.1) lib/web_console/middleware.rb:132:in `call_app'
web-console (4.2.1) lib/web_console/middleware.rb:28:in `block in call'
web-console (4.2.1) lib/web_console/middleware.rb:17:in `catch'
web-console (4.2.1) lib/web_console/middleware.rb:17:in `call'
actionpack (8.0.3) lib/action_dispatch/middleware/show_exceptions.rb:32:in `call'
railties (8.0.3) lib/rails/rack/logger.rb:41:in `call_app'
railties (8.0.3) lib/rails/rack/logger.rb:29:in `call'
actionpack (8.0.3) lib/action_dispatch/middleware/remote_ip.rb:96:in `call'
actionpack (8.0.3) lib/action_dispatch/middleware/request_id.rb:34:in `call'
rack (3.2.1) lib/rack/method_override.rb:28:in `call'
rack (3.2.1) lib/rack/runtime.rb:24:in `call'
actionpack (8.0.3) lib/action_dispatch/middleware/server_timing.rb:61:in `block in call'
actionpack (8.0.3) lib/action_dispatch/middleware/server_timing.rb:26:in `collect_events'
actionpack (8.0.3) lib/action_dispatch/middleware/server_timing.rb:60:in `call'
actionpack (8.0.3) lib/action_dispatch/middleware/executor.rb:16:in `call'
propshaft (1.3.1) lib/propshaft/server.rb:37:in `call'
actionpack (8.0.3) lib/action_dispatch/middleware/static.rb:27:in `call'
rack (3.2.1) lib/rack/sendfile.rb:114:in `call'
actionpack (8.0.3) lib/action_dispatch/middleware/host_authorization.rb:143:in `call'
railties (8.0.3) lib/rails/engine.rb:535:in `call'
puma (7.0.4) lib/puma/configuration.rb:299:in `call'
puma (7.0.4) lib/puma/request.rb:101:in `block in handle_request'
puma (7.0.4) lib/puma/thread_pool.rb:346:in `with_force_shutdown'
puma (7.0.4) lib/puma/request.rb:100:in `handle_request'
puma (7.0.4) lib/puma/server.rb:506:in `process_client'
puma (7.0.4) lib/puma/server.rb:265:in `block in run'
puma (7.0.4) lib/puma/thread_pool.rb:173:in `block in spawn_thread'
Started GET "/favicon.ico" for ::1 at 2025-10-02 00:14:51 -0400
Started GET "/apple-touch-icon-precomposed.png" for ::1 at 2025-10-02 00:14:51 -0400
  
ActionController::RoutingError (No route matches [GET] "/favicon.ico"):
  
  
ActionController::RoutingError (No route matches [GET] "/apple-touch-icon-precomposed.png"):
  
Started GET "/apple-touch-icon.png" for ::1 at 2025-10-02 00:14:51 -0400
  
ActionController::RoutingError (No route matches [GET] "/apple-touch-icon.png"):
  
Started GET "/" for ::1 at 2025-10-02 00:14:59 -0400
Processing by SessionsController#new as HTML
  Rendering layout layouts/application.html.erb
  Rendering sessions/new.html.erb within layouts/application
  Rendered sessions/new.html.erb within layouts/application (Duration: 0.5ms | GC: 0.0ms)
  Rendered layout layouts/application.html.erb (Duration: 0.8ms | GC: 0.0ms)
Completed 200 OK in 23ms (Views: 1.1ms | ActiveRecord: 0.0ms (0 queries, 0 cached) | GC: 0.0ms)


Started GET "/signup" for ::1 at 2025-10-02 00:15:01 -0400
  
ActionController::RoutingError (uninitialized constant RegistrationsController)
Caused by: ActionDispatch::MissingController (uninitialized constant RegistrationsController)
Caused by: NameError (uninitialized constant RegistrationsController)

Information for: ActionController::RoutingError (uninitialized constant RegistrationsController):
  

Information for cause: ActionDispatch::MissingController (uninitialized constant RegistrationsController):
  
actionpack (8.0.3) lib/action_dispatch/http/request.rb:102:in `rescue in controller_class_for'
actionpack (8.0.3) lib/action_dispatch/http/request.rb:98:in `controller_class_for'
actionpack (8.0.3) lib/action_dispatch/http/request.rb:91:in `controller_class'
actionpack (8.0.3) lib/action_dispatch/routing/route_set.rb:61:in `controller'
actionpack (8.0.3) lib/action_dispatch/routing/route_set.rb:48:in `serve'
actionpack (8.0.3) lib/action_dispatch/journey/router.rb:53:in `block in serve'
actionpack (8.0.3) lib/action_dispatch/journey/router.rb:133:in `block in find_routes'
actionpack (8.0.3) lib/action_dispatch/journey/router.rb:126:in `each'
actionpack (8.0.3) lib/action_dispatch/journey/router.rb:126:in `find_routes'
actionpack (8.0.3) lib/action_dispatch/journey/router.rb:34:in `serve'
actionpack (8.0.3) lib/action_dispatch/routing/route_set.rb:908:in `call'
railties (8.0.3) lib/rails/engine/lazy_route_set.rb:60:in `call'
rack (3.2.1) lib/rack/tempfile_reaper.rb:20:in `call'
rack (3.2.1) lib/rack/etag.rb:29:in `call'
rack (3.2.1) lib/rack/conditional_get.rb:31:in `call'
rack (3.2.1) lib/rack/head.rb:15:in `call'
actionpack (8.0.3) lib/action_dispatch/http/permissions_policy.rb:38:in `call'
actionpack (8.0.3) lib/action_dispatch/http/content_security_policy.rb:38:in `call'
rack-session (2.1.1) lib/rack/session/abstract/id.rb:274:in `context'
rack-session (2.1.1) lib/rack/session/abstract/id.rb:268:in `call'
actionpack (8.0.3) lib/action_dispatch/middleware/cookies.rb:706:in `call'
activerecord (8.0.3) lib/active_record/migration.rb:670:in `call'
actionpack (8.0.3) lib/action_dispatch/middleware/callbacks.rb:31:in `block in call'
activesupport (8.0.3) lib/active_support/callbacks.rb:100:in `run_callbacks'
actionpack (8.0.3) lib/action_dispatch/middleware/callbacks.rb:30:in `call'
actionpack (8.0.3) lib/action_dispatch/middleware/executor.rb:16:in `call'
actionpack (8.0.3) lib/action_dispatch/middleware/actionable_exceptions.rb:18:in `call'
actionpack (8.0.3) lib/action_dispatch/middleware/debug_exceptions.rb:31:in `call'
web-console (4.2.1) lib/web_console/middleware.rb:132:in `call_app'
web-console (4.2.1) lib/web_console/middleware.rb:28:in `block in call'
web-console (4.2.1) lib/web_console/middleware.rb:17:in `catch'
web-console (4.2.1) lib/web_console/middleware.rb:17:in `call'
actionpack (8.0.3) lib/action_dispatch/middleware/show_exceptions.rb:32:in `call'
railties (8.0.3) lib/rails/rack/logger.rb:41:in `call_app'
railties (8.0.3) lib/rails/rack/logger.rb:29:in `call'
actionpack (8.0.3) lib/action_dispatch/middleware/remote_ip.rb:96:in `call'
actionpack (8.0.3) lib/action_dispatch/middleware/request_id.rb:34:in `call'
rack (3.2.1) lib/rack/method_override.rb:28:in `call'
rack (3.2.1) lib/rack/runtime.rb:24:in `call'
actionpack (8.0.3) lib/action_dispatch/middleware/server_timing.rb:61:in `block in call'
actionpack (8.0.3) lib/action_dispatch/middleware/server_timing.rb:26:in `collect_events'
actionpack (8.0.3) lib/action_dispatch/middleware/server_timing.rb:60:in `call'
actionpack (8.0.3) lib/action_dispatch/middleware/executor.rb:16:in `call'
propshaft (1.3.1) lib/propshaft/server.rb:37:in `call'
actionpack (8.0.3) lib/action_dispatch/middleware/static.rb:27:in `call'
rack (3.2.1) lib/rack/sendfile.rb:114:in `call'
actionpack (8.0.3) lib/action_dispatch/middleware/host_authorization.rb:143:in `call'
railties (8.0.3) lib/rails/engine.rb:535:in `call'
puma (7.0.4) lib/puma/configuration.rb:299:in `call'
puma (7.0.4) lib/puma/request.rb:101:in `block in handle_request'
puma (7.0.4) lib/puma/thread_pool.rb:346:in `with_force_shutdown'
puma (7.0.4) lib/puma/request.rb:100:in `handle_request'
puma (7.0.4) lib/puma/server.rb:506:in `process_client'
puma (7.0.4) lib/puma/server.rb:265:in `block in run'
puma (7.0.4) lib/puma/thread_pool.rb:173:in `block in spawn_thread'

Information for cause: NameError (uninitialized constant RegistrationsController):
  
activesupport (8.0.3) lib/active_support/inflector/methods.rb:290:in `constantize'
activesupport (8.0.3) lib/active_support/core_ext/string/inflections.rb:74:in `constantize'
actionpack (8.0.3) lib/action_dispatch/http/request.rb:99:in `controller_class_for'
actionpack (8.0.3) lib/action_dispatch/http/request.rb:91:in `controller_class'
actionpack (8.0.3) lib/action_dispatch/routing/route_set.rb:61:in `controller'
actionpack (8.0.3) lib/action_dispatch/routing/route_set.rb:48:in `serve'
actionpack (8.0.3) lib/action_dispatch/journey/router.rb:53:in `block in serve'
actionpack (8.0.3) lib/action_dispatch/journey/router.rb:133:in `block in find_routes'
actionpack (8.0.3) lib/action_dispatch/journey/router.rb:126:in `each'
actionpack (8.0.3) lib/action_dispatch/journey/router.rb:126:in `find_routes'
actionpack (8.0.3) lib/action_dispatch/journey/router.rb:34:in `serve'
actionpack (8.0.3) lib/action_dispatch/routing/route_set.rb:908:in `call'
railties (8.0.3) lib/rails/engine/lazy_route_set.rb:60:in `call'
rack (3.2.1) lib/rack/tempfile_reaper.rb:20:in `call'
rack (3.2.1) lib/rack/etag.rb:29:in `call'
rack (3.2.1) lib/rack/conditional_get.rb:31:in `call'
rack (3.2.1) lib/rack/head.rb:15:in `call'
actionpack (8.0.3) lib/action_dispatch/http/permissions_policy.rb:38:in `call'
actionpack (8.0.3) lib/action_dispatch/http/content_security_policy.rb:38:in `call'
rack-session (2.1.1) lib/rack/session/abstract/id.rb:274:in `context'
rack-session (2.1.1) lib/rack/session/abstract/id.rb:268:in `call'
actionpack (8.0.3) lib/action_dispatch/middleware/cookies.rb:706:in `call'
activerecord (8.0.3) lib/active_record/migration.rb:670:in `call'
actionpack (8.0.3) lib/action_dispatch/middleware/callbacks.rb:31:in `block in call'
activesupport (8.0.3) lib/active_support/callbacks.rb:100:in `run_callbacks'
actionpack (8.0.3) lib/action_dispatch/middleware/callbacks.rb:30:in `call'
actionpack (8.0.3) lib/action_dispatch/middleware/executor.rb:16:in `call'
actionpack (8.0.3) lib/action_dispatch/middleware/actionable_exceptions.rb:18:in `call'
actionpack (8.0.3) lib/action_dispatch/middleware/debug_exceptions.rb:31:in `call'
web-console (4.2.1) lib/web_console/middleware.rb:132:in `call_app'
web-console (4.2.1) lib/web_console/middleware.rb:28:in `block in call'
web-console (4.2.1) lib/web_console/middleware.rb:17:in `catch'
web-console (4.2.1) lib/web_console/middleware.rb:17:in `call'
actionpack (8.0.3) lib/action_dispatch/middleware/show_exceptions.rb:32:in `call'
railties (8.0.3) lib/rails/rack/logger.rb:41:in `call_app'
railties (8.0.3) lib/rails/rack/logger.rb:29:in `call'
actionpack (8.0.3) lib/action_dispatch/middleware/remote_ip.rb:96:in `call'
actionpack (8.0.3) lib/action_dispatch/middleware/request_id.rb:34:in `call'
rack (3.2.1) lib/rack/method_override.rb:28:in `call'
rack (3.2.1) lib/rack/runtime.rb:24:in `call'
actionpack (8.0.3) lib/action_dispatch/middleware/server_timing.rb:61:in `block in call'
actionpack (8.0.3) lib/action_dispatch/middleware/server_timing.rb:26:in `collect_events'
actionpack (8.0.3) lib/action_dispatch/middleware/server_timing.rb:60:in `call'
actionpack (8.0.3) lib/action_dispatch/middleware/executor.rb:16:in `call'
propshaft (1.3.1) lib/propshaft/server.rb:37:in `call'
actionpack (8.0.3) lib/action_dispatch/middleware/static.rb:27:in `call'
rack (3.2.1) lib/rack/sendfile.rb:114:in `call'
actionpack (8.0.3) lib/action_dispatch/middleware/host_authorization.rb:143:in `call'
railties (8.0.3) lib/rails/engine.rb:535:in `call'
puma (7.0.4) lib/puma/configuration.rb:299:in `call'
puma (7.0.4) lib/puma/request.rb:101:in `block in handle_request'
puma (7.0.4) lib/puma/thread_pool.rb:346:in `with_force_shutdown'
puma (7.0.4) lib/puma/request.rb:100:in `handle_request'
puma (7.0.4) lib/puma/server.rb:506:in `process_client'
puma (7.0.4) lib/puma/server.rb:265:in `block in run'
puma (7.0.4) lib/puma/thread_pool.rb:173:in `block in spawn_thread'
Started GET "/signup" for ::1 at 2025-10-02 00:15:27 -0400
  [1m[36mActiveRecord::SchemaMigration Load (0.1ms)[0m  [1m[34mSELECT "schema_migrations"."version" FROM "schema_migrations" ORDER BY "schema_migrations"."version" ASC /*application='RubymineTestProject1'*/[0m
  
ActionController::RoutingError (uninitialized constant RegistrationsController)
Caused by: ActionDispatch::MissingController (uninitialized constant RegistrationsController)
Caused by: NameError (uninitialized constant RegistrationsController)

Information for: ActionController::RoutingError (uninitialized constant RegistrationsController):
  

Information for cause: ActionDispatch::MissingController (uninitialized constant RegistrationsController):
  
actionpack (8.0.3) lib/action_dispatch/http/request.rb:102:in `rescue in controller_class_for'
actionpack (8.0.3) lib/action_dispatch/http/request.rb:98:in `controller_class_for'
actionpack (8.0.3) lib/action_dispatch/http/request.rb:91:in `controller_class'
actionpack (8.0.3) lib/action_dispatch/routing/route_set.rb:61:in `controller'
actionpack (8.0.3) lib/action_dispatch/routing/route_set.rb:48:in `serve'
actionpack (8.0.3) lib/action_dispatch/journey/router.rb:53:in `block in serve'
actionpack (8.0.3) lib/action_dispatch/journey/router.rb:133:in `block in find_routes'
actionpack (8.0.3) lib/action_dispatch/journey/router.rb:126:in `each'
actionpack (8.0.3) lib/action_dispatch/journey/router.rb:126:in `find_routes'
actionpack (8.0.3) lib/action_dispatch/journey/router.rb:34:in `serve'
actionpack (8.0.3) lib/action_dispatch/routing/route_set.rb:908:in `call'
railties (8.0.3) lib/rails/engine/lazy_route_set.rb:60:in `call'
rack (3.2.1) lib/rack/tempfile_reaper.rb:20:in `call'
rack (3.2.1) lib/rack/etag.rb:29:in `call'
rack (3.2.1) lib/rack/conditional_get.rb:31:in `call'
rack (3.2.1) lib/rack/head.rb:15:in `call'
actionpack (8.0.3) lib/action_dispatch/http/permissions_policy.rb:38:in `call'
actionpack (8.0.3) lib/action_dispatch/http/content_security_policy.rb:38:in `call'
rack-session (2.1.1) lib/rack/session/abstract/id.rb:274:in `context'
rack-session (2.1.1) lib/rack/session/abstract/id.rb:268:in `call'
actionpack (8.0.3) lib/action_dispatch/middleware/cookies.rb:706:in `call'
activerecord (8.0.3) lib/active_record/migration.rb:670:in `call'
actionpack (8.0.3) lib/action_dispatch/middleware/callbacks.rb:31:in `block in call'
activesupport (8.0.3) lib/active_support/callbacks.rb:100:in `run_callbacks'
actionpack (8.0.3) lib/action_dispatch/middleware/callbacks.rb:30:in `call'
actionpack (8.0.3) lib/action_dispatch/middleware/executor.rb:16:in `call'
actionpack (8.0.3) lib/action_dispatch/middleware/actionable_exceptions.rb:18:in `call'
actionpack (8.0.3) lib/action_dispatch/middleware/debug_exceptions.rb:31:in `call'
web-console (4.2.1) lib/web_console/middleware.rb:132:in `call_app'
web-console (4.2.1) lib/web_console/middleware.rb:28:in `block in call'
web-console (4.2.1) lib/web_console/middleware.rb:17:in `catch'
web-console (4.2.1) lib/web_console/middleware.rb:17:in `call'
actionpack (8.0.3) lib/action_dispatch/middleware/show_exceptions.rb:32:in `call'
railties (8.0.3) lib/rails/rack/logger.rb:41:in `call_app'
railties (8.0.3) lib/rails/rack/logger.rb:29:in `call'
actionpack (8.0.3) lib/action_dispatch/middleware/remote_ip.rb:96:in `call'
actionpack (8.0.3) lib/action_dispatch/middleware/request_id.rb:34:in `call'
rack (3.2.1) lib/rack/method_override.rb:28:in `call'
rack (3.2.1) lib/rack/runtime.rb:24:in `call'
actionpack (8.0.3) lib/action_dispatch/middleware/server_timing.rb:61:in `block in call'
actionpack (8.0.3) lib/action_dispatch/middleware/server_timing.rb:26:in `collect_events'
actionpack (8.0.3) lib/action_dispatch/middleware/server_timing.rb:60:in `call'
actionpack (8.0.3) lib/action_dispatch/middleware/executor.rb:16:in `call'
propshaft (1.3.1) lib/propshaft/server.rb:37:in `call'
actionpack (8.0.3) lib/action_dispatch/middleware/static.rb:27:in `call'
rack (3.2.1) lib/rack/sendfile.rb:114:in `call'
actionpack (8.0.3) lib/action_dispatch/middleware/host_authorization.rb:143:in `call'
railties (8.0.3) lib/rails/engine.rb:535:in `call'
puma (7.0.4) lib/puma/configuration.rb:299:in `call'
puma (7.0.4) lib/puma/request.rb:101:in `block in handle_request'
puma (7.0.4) lib/puma/thread_pool.rb:346:in `with_force_shutdown'
puma (7.0.4) lib/puma/request.rb:100:in `handle_request'
puma (7.0.4) lib/puma/server.rb:506:in `process_client'
puma (7.0.4) lib/puma/server.rb:265:in `block in run'
puma (7.0.4) lib/puma/thread_pool.rb:173:in `block in spawn_thread'

Information for cause: NameError (uninitialized constant RegistrationsController):
  
activesupport (8.0.3) lib/active_support/inflector/methods.rb:290:in `constantize'
activesupport (8.0.3) lib/active_support/core_ext/string/inflections.rb:74:in `constantize'
actionpack (8.0.3) lib/action_dispatch/http/request.rb:99:in `controller_class_for'
actionpack (8.0.3) lib/action_dispatch/http/request.rb:91:in `controller_class'
actionpack (8.0.3) lib/action_dispatch/routing/route_set.rb:61:in `controller'
actionpack (8.0.3) lib/action_dispatch/routing/route_set.rb:48:in `serve'
actionpack (8.0.3) lib/action_dispatch/journey/router.rb:53:in `block in serve'
actionpack (8.0.3) lib/action_dispatch/journey/router.rb:133:in `block in find_routes'
actionpack (8.0.3) lib/action_dispatch/journey/router.rb:126:in `each'
actionpack (8.0.3) lib/action_dispatch/journey/router.rb:126:in `find_routes'
actionpack (8.0.3) lib/action_dispatch/journey/router.rb:34:in `serve'
actionpack (8.0.3) lib/action_dispatch/routing/route_set.rb:908:in `call'
railties (8.0.3) lib/rails/engine/lazy_route_set.rb:60:in `call'
rack (3.2.1) lib/rack/tempfile_reaper.rb:20:in `call'
rack (3.2.1) lib/rack/etag.rb:29:in `call'
rack (3.2.1) lib/rack/conditional_get.rb:31:in `call'
rack (3.2.1) lib/rack/head.rb:15:in `call'
actionpack (8.0.3) lib/action_dispatch/http/permissions_policy.rb:38:in `call'
actionpack (8.0.3) lib/action_dispatch/http/content_security_policy.rb:38:in `call'
rack-session (2.1.1) lib/rack/session/abstract/id.rb:274:in `context'
rack-session (2.1.1) lib/rack/session/abstract/id.rb:268:in `call'
actionpack (8.0.3) lib/action_dispatch/middleware/cookies.rb:706:in `call'
activerecord (8.0.3) lib/active_record/migration.rb:670:in `call'
actionpack (8.0.3) lib/action_dispatch/middleware/callbacks.rb:31:in `block in call'
activesupport (8.0.3) lib/active_support/callbacks.rb:100:in `run_callbacks'
actionpack (8.0.3) lib/action_dispatch/middleware/callbacks.rb:30:in `call'
actionpack (8.0.3) lib/action_dispatch/middleware/executor.rb:16:in `call'
actionpack (8.0.3) lib/action_dispatch/middleware/actionable_exceptions.rb:18:in `call'
actionpack (8.0.3) lib/action_dispatch/middleware/debug_exceptions.rb:31:in `call'
web-console (4.2.1) lib/web_console/middleware.rb:132:in `call_app'
web-console (4.2.1) lib/web_console/middleware.rb:28:in `block in call'
web-console (4.2.1) lib/web_console/middleware.rb:17:in `catch'
web-console (4.2.1) lib/web_console/middleware.rb:17:in `call'
actionpack (8.0.3) lib/action_dispatch/middleware/show_exceptions.rb:32:in `call'
railties (8.0.3) lib/rails/rack/logger.rb:41:in `call_app'
railties (8.0.3) lib/rails/rack/logger.rb:29:in `call'
actionpack (8.0.3) lib/action_dispatch/middleware/remote_ip.rb:96:in `call'
actionpack (8.0.3) lib/action_dispatch/middleware/request_id.rb:34:in `call'
rack (3.2.1) lib/rack/method_override.rb:28:in `call'
rack (3.2.1) lib/rack/runtime.rb:24:in `call'
actionpack (8.0.3) lib/action_dispatch/middleware/server_timing.rb:61:in `block in call'
actionpack (8.0.3) lib/action_dispatch/middleware/server_timing.rb:26:in `collect_events'
actionpack (8.0.3) lib/action_dispatch/middleware/server_timing.rb:60:in `call'
actionpack (8.0.3) lib/action_dispatch/middleware/executor.rb:16:in `call'
propshaft (1.3.1) lib/propshaft/server.rb:37:in `call'
actionpack (8.0.3) lib/action_dispatch/middleware/static.rb:27:in `call'
rack (3.2.1) lib/rack/sendfile.rb:114:in `call'
actionpack (8.0.3) lib/action_dispatch/middleware/host_authorization.rb:143:in `call'
railties (8.0.3) lib/rails/engine.rb:535:in `call'
puma (7.0.4) lib/puma/configuration.rb:299:in `call'
puma (7.0.4) lib/puma/request.rb:101:in `block in handle_request'
puma (7.0.4) lib/puma/thread_pool.rb:346:in `with_force_shutdown'
puma (7.0.4) lib/puma/request.rb:100:in `handle_request'
puma (7.0.4) lib/puma/server.rb:506:in `process_client'
puma (7.0.4) lib/puma/server.rb:265:in `block in run'
puma (7.0.4) lib/puma/thread_pool.rb:173:in `block in spawn_thread'
Started GET "/" for ::1 at 2025-10-02 00:15:32 -0400
Processing by SessionsController#new as HTML
  Rendering layout layouts/application.html.erb
  Rendering sessions/new.html.erb within layouts/application
  Rendered sessions/new.html.erb within layouts/application (Duration: 1.5ms | GC: 0.0ms)
  Rendered layout layouts/application.html.erb (Duration: 6.0ms | GC: 0.0ms)
Completed 200 OK in 36ms (Views: 6.9ms | ActiveRecord: 0.0ms (0 queries, 0 cached) | GC: 0.0ms)


Started GET "/signup" for ::1 at 2025-10-02 00:15:39 -0400
  
ActionController::RoutingError (uninitialized constant RegistrationsController)
Caused by: ActionDispatch::MissingController (uninitialized constant RegistrationsController)
Caused by: NameError (uninitialized constant RegistrationsController)

Information for: ActionController::RoutingError (uninitialized constant RegistrationsController):
  

Information for cause: ActionDispatch::MissingController (uninitialized constant RegistrationsController):
  
actionpack (8.0.3) lib/action_dispatch/http/request.rb:102:in `rescue in controller_class_for'
actionpack (8.0.3) lib/action_dispatch/http/request.rb:98:in `controller_class_for'
actionpack (8.0.3) lib/action_dispatch/http/request.rb:91:in `controller_class'
actionpack (8.0.3) lib/action_dispatch/routing/route_set.rb:61:in `controller'
actionpack (8.0.3) lib/action_dispatch/routing/route_set.rb:48:in `serve'
actionpack (8.0.3) lib/action_dispatch/journey/router.rb:53:in `block in serve'
actionpack (8.0.3) lib/action_dispatch/journey/router.rb:133:in `block in find_routes'
actionpack (8.0.3) lib/action_dispatch/journey/router.rb:126:in `each'
actionpack (8.0.3) lib/action_dispatch/journey/router.rb:126:in `find_routes'
actionpack (8.0.3) lib/action_dispatch/journey/router.rb:34:in `serve'
actionpack (8.0.3) lib/action_dispatch/routing/route_set.rb:908:in `call'
railties (8.0.3) lib/rails/engine/lazy_route_set.rb:60:in `call'
rack (3.2.1) lib/rack/tempfile_reaper.rb:20:in `call'
rack (3.2.1) lib/rack/etag.rb:29:in `call'
rack (3.2.1) lib/rack/conditional_get.rb:31:in `call'
rack (3.2.1) lib/rack/head.rb:15:in `call'
actionpack (8.0.3) lib/action_dispatch/http/permissions_policy.rb:38:in `call'
actionpack (8.0.3) lib/action_dispatch/http/content_security_policy.rb:38:in `call'
rack-session (2.1.1) lib/rack/session/abstract/id.rb:274:in `context'
rack-session (2.1.1) lib/rack/session/abstract/id.rb:268:in `call'
actionpack (8.0.3) lib/action_dispatch/middleware/cookies.rb:706:in `call'
activerecord (8.0.3) lib/active_record/migration.rb:670:in `call'
actionpack (8.0.3) lib/action_dispatch/middleware/callbacks.rb:31:in `block in call'
activesupport (8.0.3) lib/active_support/callbacks.rb:100:in `run_callbacks'
actionpack (8.0.3) lib/action_dispatch/middleware/callbacks.rb:30:in `call'
actionpack (8.0.3) lib/action_dispatch/middleware/executor.rb:16:in `call'
actionpack (8.0.3) lib/action_dispatch/middleware/actionable_exceptions.rb:18:in `call'
actionpack (8.0.3) lib/action_dispatch/middleware/debug_exceptions.rb:31:in `call'
web-console (4.2.1) lib/web_console/middleware.rb:132:in `call_app'
web-console (4.2.1) lib/web_console/middleware.rb:28:in `block in call'
web-console (4.2.1) lib/web_console/middleware.rb:17:in `catch'
web-console (4.2.1) lib/web_console/middleware.rb:17:in `call'
actionpack (8.0.3) lib/action_dispatch/middleware/show_exceptions.rb:32:in `call'
railties (8.0.3) lib/rails/rack/logger.rb:41:in `call_app'
railties (8.0.3) lib/rails/rack/logger.rb:29:in `call'
actionpack (8.0.3) lib/action_dispatch/middleware/remote_ip.rb:96:in `call'
actionpack (8.0.3) lib/action_dispatch/middleware/request_id.rb:34:in `call'
rack (3.2.1) lib/rack/method_override.rb:28:in `call'
rack (3.2.1) lib/rack/runtime.rb:24:in `call'
actionpack (8.0.3) lib/action_dispatch/middleware/server_timing.rb:61:in `block in call'
actionpack (8.0.3) lib/action_dispatch/middleware/server_timing.rb:26:in `collect_events'
actionpack (8.0.3) lib/action_dispatch/middleware/server_timing.rb:60:in `call'
actionpack (8.0.3) lib/action_dispatch/middleware/executor.rb:16:in `call'
propshaft (1.3.1) lib/propshaft/server.rb:37:in `call'
actionpack (8.0.3) lib/action_dispatch/middleware/static.rb:27:in `call'
rack (3.2.1) lib/rack/sendfile.rb:114:in `call'
actionpack (8.0.3) lib/action_dispatch/middleware/host_authorization.rb:143:in `call'
railties (8.0.3) lib/rails/engine.rb:535:in `call'
puma (7.0.4) lib/puma/configuration.rb:299:in `call'
puma (7.0.4) lib/puma/request.rb:101:in `block in handle_request'
puma (7.0.4) lib/puma/thread_pool.rb:346:in `with_force_shutdown'
puma (7.0.4) lib/puma/request.rb:100:in `handle_request'
puma (7.0.4) lib/puma/server.rb:506:in `process_client'
puma (7.0.4) lib/puma/server.rb:265:in `block in run'
puma (7.0.4) lib/puma/thread_pool.rb:173:in `block in spawn_thread'

Information for cause: NameError (uninitialized constant RegistrationsController):
  
activesupport (8.0.3) lib/active_support/inflector/methods.rb:290:in `constantize'
activesupport (8.0.3) lib/active_support/core_ext/string/inflections.rb:74:in `constantize'
actionpack (8.0.3) lib/action_dispatch/http/request.rb:99:in `controller_class_for'
actionpack (8.0.3) lib/action_dispatch/http/request.rb:91:in `controller_class'
actionpack (8.0.3) lib/action_dispatch/routing/route_set.rb:61:in `controller'
actionpack (8.0.3) lib/action_dispatch/routing/route_set.rb:48:in `serve'
actionpack (8.0.3) lib/action_dispatch/journey/router.rb:53:in `block in serve'
actionpack (8.0.3) lib/action_dispatch/journey/router.rb:133:in `block in find_routes'
actionpack (8.0.3) lib/action_dispatch/journey/router.rb:126:in `each'
actionpack (8.0.3) lib/action_dispatch/journey/router.rb:126:in `find_routes'
actionpack (8.0.3) lib/action_dispatch/journey/router.rb:34:in `serve'
actionpack (8.0.3) lib/action_dispatch/routing/route_set.rb:908:in `call'
railties (8.0.3) lib/rails/engine/lazy_route_set.rb:60:in `call'
rack (3.2.1) lib/rack/tempfile_reaper.rb:20:in `call'
rack (3.2.1) lib/rack/etag.rb:29:in `call'
rack (3.2.1) lib/rack/conditional_get.rb:31:in `call'
rack (3.2.1) lib/rack/head.rb:15:in `call'
actionpack (8.0.3) lib/action_dispatch/http/permissions_policy.rb:38:in `call'
actionpack (8.0.3) lib/action_dispatch/http/content_security_policy.rb:38:in `call'
rack-session (2.1.1) lib/rack/session/abstract/id.rb:274:in `context'
rack-session (2.1.1) lib/rack/session/abstract/id.rb:268:in `call'
actionpack (8.0.3) lib/action_dispatch/middleware/cookies.rb:706:in `call'
activerecord (8.0.3) lib/active_record/migration.rb:670:in `call'
actionpack (8.0.3) lib/action_dispatch/middleware/callbacks.rb:31:in `block in call'
activesupport (8.0.3) lib/active_support/callbacks.rb:100:in `run_callbacks'
actionpack (8.0.3) lib/action_dispatch/middleware/callbacks.rb:30:in `call'
actionpack (8.0.3) lib/action_dispatch/middleware/executor.rb:16:in `call'
actionpack (8.0.3) lib/action_dispatch/middleware/actionable_exceptions.rb:18:in `call'
actionpack (8.0.3) lib/action_dispatch/middleware/debug_exceptions.rb:31:in `call'
web-console (4.2.1) lib/web_console/middleware.rb:132:in `call_app'
web-console (4.2.1) lib/web_console/middleware.rb:28:in `block in call'
web-console (4.2.1) lib/web_console/middleware.rb:17:in `catch'
web-console (4.2.1) lib/web_console/middleware.rb:17:in `call'
actionpack (8.0.3) lib/action_dispatch/middleware/show_exceptions.rb:32:in `call'
railties (8.0.3) lib/rails/rack/logger.rb:41:in `call_app'
railties (8.0.3) lib/rails/rack/logger.rb:29:in `call'
actionpack (8.0.3) lib/action_dispatch/middleware/remote_ip.rb:96:in `call'
actionpack (8.0.3) lib/action_dispatch/middleware/request_id.rb:34:in `call'
rack (3.2.1) lib/rack/method_override.rb:28:in `call'
rack (3.2.1) lib/rack/runtime.rb:24:in `call'
actionpack (8.0.3) lib/action_dispatch/middleware/server_timing.rb:61:in `block in call'
actionpack (8.0.3) lib/action_dispatch/middleware/server_timing.rb:26:in `collect_events'
actionpack (8.0.3) lib/action_dispatch/middleware/server_timing.rb:60:in `call'
actionpack (8.0.3) lib/action_dispatch/middleware/executor.rb:16:in `call'
propshaft (1.3.1) lib/propshaft/server.rb:37:in `call'
actionpack (8.0.3) lib/action_dispatch/middleware/static.rb:27:in `call'
rack (3.2.1) lib/rack/sendfile.rb:114:in `call'
actionpack (8.0.3) lib/action_dispatch/middleware/host_authorization.rb:143:in `call'
railties (8.0.3) lib/rails/engine.rb:535:in `call'
puma (7.0.4) lib/puma/configuration.rb:299:in `call'
puma (7.0.4) lib/puma/request.rb:101:in `block in handle_request'
puma (7.0.4) lib/puma/thread_pool.rb:346:in `with_force_shutdown'
puma (7.0.4) lib/puma/request.rb:100:in `handle_request'
puma (7.0.4) lib/puma/server.rb:506:in `process_client'
puma (7.0.4) lib/puma/server.rb:265:in `block in run'
puma (7.0.4) lib/puma/thread_pool.rb:173:in `block in spawn_thread'
Started GET "/signup" for ::1 at 2025-10-02 00:15:44 -0400
  
ActionController::RoutingError (uninitialized constant RegistrationsController)
Caused by: ActionDispatch::MissingController (uninitialized constant RegistrationsController)
Caused by: NameError (uninitialized constant RegistrationsController)

Information for: ActionController::RoutingError (uninitialized constant RegistrationsController):
  

Information for cause: ActionDispatch::MissingController (uninitialized constant RegistrationsController):
  
actionpack (8.0.3) lib/action_dispatch/http/request.rb:102:in `rescue in controller_class_for'
actionpack (8.0.3) lib/action_dispatch/http/request.rb:98:in `controller_class_for'
actionpack (8.0.3) lib/action_dispatch/http/request.rb:91:in `controller_class'
actionpack (8.0.3) lib/action_dispatch/routing/route_set.rb:61:in `controller'
actionpack (8.0.3) lib/action_dispatch/routing/route_set.rb:48:in `serve'
actionpack (8.0.3) lib/action_dispatch/journey/router.rb:53:in `block in serve'
actionpack (8.0.3) lib/action_dispatch/journey/router.rb:133:in `block in find_routes'
actionpack (8.0.3) lib/action_dispatch/journey/router.rb:126:in `each'
actionpack (8.0.3) lib/action_dispatch/journey/router.rb:126:in `find_routes'
actionpack (8.0.3) lib/action_dispatch/journey/router.rb:34:in `serve'
actionpack (8.0.3) lib/action_dispatch/routing/route_set.rb:908:in `call'
railties (8.0.3) lib/rails/engine/lazy_route_set.rb:60:in `call'
rack (3.2.1) lib/rack/tempfile_reaper.rb:20:in `call'
rack (3.2.1) lib/rack/etag.rb:29:in `call'
rack (3.2.1) lib/rack/conditional_get.rb:31:in `call'
rack (3.2.1) lib/rack/head.rb:15:in `call'
actionpack (8.0.3) lib/action_dispatch/http/permissions_policy.rb:38:in `call'
actionpack (8.0.3) lib/action_dispatch/http/content_security_policy.rb:38:in `call'
rack-session (2.1.1) lib/rack/session/abstract/id.rb:274:in `context'
rack-session (2.1.1) lib/rack/session/abstract/id.rb:268:in `call'
actionpack (8.0.3) lib/action_dispatch/middleware/cookies.rb:706:in `call'
activerecord (8.0.3) lib/active_record/migration.rb:670:in `call'
actionpack (8.0.3) lib/action_dispatch/middleware/callbacks.rb:31:in `block in call'
activesupport (8.0.3) lib/active_support/callbacks.rb:100:in `run_callbacks'
actionpack (8.0.3) lib/action_dispatch/middleware/callbacks.rb:30:in `call'
actionpack (8.0.3) lib/action_dispatch/middleware/executor.rb:16:in `call'
actionpack (8.0.3) lib/action_dispatch/middleware/actionable_exceptions.rb:18:in `call'
actionpack (8.0.3) lib/action_dispatch/middleware/debug_exceptions.rb:31:in `call'
web-console (4.2.1) lib/web_console/middleware.rb:132:in `call_app'
web-console (4.2.1) lib/web_console/middleware.rb:28:in `block in call'
web-console (4.2.1) lib/web_console/middleware.rb:17:in `catch'
web-console (4.2.1) lib/web_console/middleware.rb:17:in `call'
actionpack (8.0.3) lib/action_dispatch/middleware/show_exceptions.rb:32:in `call'
railties (8.0.3) lib/rails/rack/logger.rb:41:in `call_app'
railties (8.0.3) lib/rails/rack/logger.rb:29:in `call'
actionpack (8.0.3) lib/action_dispatch/middleware/remote_ip.rb:96:in `call'
actionpack (8.0.3) lib/action_dispatch/middleware/request_id.rb:34:in `call'
rack (3.2.1) lib/rack/method_override.rb:28:in `call'
rack (3.2.1) lib/rack/runtime.rb:24:in `call'
actionpack (8.0.3) lib/action_dispatch/middleware/server_timing.rb:61:in `block in call'
actionpack (8.0.3) lib/action_dispatch/middleware/server_timing.rb:26:in `collect_events'
actionpack (8.0.3) lib/action_dispatch/middleware/server_timing.rb:60:in `call'
actionpack (8.0.3) lib/action_dispatch/middleware/executor.rb:16:in `call'
propshaft (1.3.1) lib/propshaft/server.rb:37:in `call'
actionpack (8.0.3) lib/action_dispatch/middleware/static.rb:27:in `call'
rack (3.2.1) lib/rack/sendfile.rb:114:in `call'
actionpack (8.0.3) lib/action_dispatch/middleware/host_authorization.rb:143:in `call'
railties (8.0.3) lib/rails/engine.rb:535:in `call'
puma (7.0.4) lib/puma/configuration.rb:299:in `call'
puma (7.0.4) lib/puma/request.rb:101:in `block in handle_request'
puma (7.0.4) lib/puma/thread_pool.rb:346:in `with_force_shutdown'
puma (7.0.4) lib/puma/request.rb:100:in `handle_request'
puma (7.0.4) lib/puma/server.rb:506:in `process_client'
puma (7.0.4) lib/puma/server.rb:265:in `block in run'
puma (7.0.4) lib/puma/thread_pool.rb:173:in `block in spawn_thread'

Information for cause: NameError (uninitialized constant RegistrationsController):
  
activesupport (8.0.3) lib/active_support/inflector/methods.rb:290:in `constantize'
activesupport (8.0.3) lib/active_support/core_ext/string/inflections.rb:74:in `constantize'
actionpack (8.0.3) lib/action_dispatch/http/request.rb:99:in `controller_class_for'
actionpack (8.0.3) lib/action_dispatch/http/request.rb:91:in `controller_class'
actionpack (8.0.3) lib/action_dispatch/routing/route_set.rb:61:in `controller'
actionpack (8.0.3) lib/action_dispatch/routing/route_set.rb:48:in `serve'
actionpack (8.0.3) lib/action_dispatch/journey/router.rb:53:in `block in serve'
actionpack (8.0.3) lib/action_dispatch/journey/router.rb:133:in `block in find_routes'
actionpack (8.0.3) lib/action_dispatch/journey/router.rb:126:in `each'
actionpack (8.0.3) lib/action_dispatch/journey/router.rb:126:in `find_routes'
actionpack (8.0.3) lib/action_dispatch/journey/router.rb:34:in `serve'
actionpack (8.0.3) lib/action_dispatch/routing/route_set.rb:908:in `call'
railties (8.0.3) lib/rails/engine/lazy_route_set.rb:60:in `call'
rack (3.2.1) lib/rack/tempfile_reaper.rb:20:in `call'
rack (3.2.1) lib/rack/etag.rb:29:in `call'
rack (3.2.1) lib/rack/conditional_get.rb:31:in `call'
rack (3.2.1) lib/rack/head.rb:15:in `call'
actionpack (8.0.3) lib/action_dispatch/http/permissions_policy.rb:38:in `call'
actionpack (8.0.3) lib/action_dispatch/http/content_security_policy.rb:38:in `call'
rack-session (2.1.1) lib/rack/session/abstract/id.rb:274:in `context'
rack-session (2.1.1) lib/rack/session/abstract/id.rb:268:in `call'
actionpack (8.0.3) lib/action_dispatch/middleware/cookies.rb:706:in `call'
activerecord (8.0.3) lib/active_record/migration.rb:670:in `call'
actionpack (8.0.3) lib/action_dispatch/middleware/callbacks.rb:31:in `block in call'
activesupport (8.0.3) lib/active_support/callbacks.rb:100:in `run_callbacks'
actionpack (8.0.3) lib/action_dispatch/middleware/callbacks.rb:30:in `call'
actionpack (8.0.3) lib/action_dispatch/middleware/executor.rb:16:in `call'
actionpack (8.0.3) lib/action_dispatch/middleware/actionable_exceptions.rb:18:in `call'
actionpack (8.0.3) lib/action_dispatch/middleware/debug_exceptions.rb:31:in `call'
web-console (4.2.1) lib/web_console/middleware.rb:132:in `call_app'
web-console (4.2.1) lib/web_console/middleware.rb:28:in `block in call'
web-console (4.2.1) lib/web_console/middleware.rb:17:in `catch'
web-console (4.2.1) lib/web_console/middleware.rb:17:in `call'
actionpack (8.0.3) lib/action_dispatch/middleware/show_exceptions.rb:32:in `call'
railties (8.0.3) lib/rails/rack/logger.rb:41:in `call_app'
railties (8.0.3) lib/rails/rack/logger.rb:29:in `call'
actionpack (8.0.3) lib/action_dispatch/middleware/remote_ip.rb:96:in `call'
actionpack (8.0.3) lib/action_dispatch/middleware/request_id.rb:34:in `call'
rack (3.2.1) lib/rack/method_override.rb:28:in `call'
rack (3.2.1) lib/rack/runtime.rb:24:in `call'
actionpack (8.0.3) lib/action_dispatch/middleware/server_timing.rb:61:in `block in call'
actionpack (8.0.3) lib/action_dispatch/middleware/server_timing.rb:26:in `collect_events'
actionpack (8.0.3) lib/action_dispatch/middleware/server_timing.rb:60:in `call'
actionpack (8.0.3) lib/action_dispatch/middleware/executor.rb:16:in `call'
propshaft (1.3.1) lib/propshaft/server.rb:37:in `call'
actionpack (8.0.3) lib/action_dispatch/middleware/static.rb:27:in `call'
rack (3.2.1) lib/rack/sendfile.rb:114:in `call'
actionpack (8.0.3) lib/action_dispatch/middleware/host_authorization.rb:143:in `call'
railties (8.0.3) lib/rails/engine.rb:535:in `call'
puma (7.0.4) lib/puma/configuration.rb:299:in `call'
puma (7.0.4) lib/puma/request.rb:101:in `block in handle_request'
puma (7.0.4) lib/puma/thread_pool.rb:346:in `with_force_shutdown'
puma (7.0.4) lib/puma/request.rb:100:in `handle_request'
puma (7.0.4) lib/puma/server.rb:506:in `process_client'
puma (7.0.4) lib/puma/server.rb:265:in `block in run'
puma (7.0.4) lib/puma/thread_pool.rb:173:in `block in spawn_thread'
Started GET "/" for ::1 at 2025-10-02 00:15:45 -0400
Processing by SessionsController#new as HTML
  Rendering layout layouts/application.html.erb
  Rendering sessions/new.html.erb within layouts/application
  Rendered sessions/new.html.erb within layouts/application (Duration: 0.4ms | GC: 0.0ms)
  Rendered layout layouts/application.html.erb (Duration: 1.3ms | GC: 0.6ms)
Completed 200 OK in 16ms (Views: 1.4ms | ActiveRecord: 0.0ms (0 queries, 0 cached) | GC: 0.6ms)


Started GET "/" for ::1 at 2025-10-02 00:25:50 -0400
Processing by SessionsController#new as HTML
  Rendering layout layouts/application.html.erb
  Rendering sessions/new.html.erb within layouts/application
  Rendered sessions/new.html.erb within layouts/application (Duration: 2.8ms | GC: 0.0ms)
  Rendered layout layouts/application.html.erb (Duration: 4.1ms | GC: 0.0ms)
Completed 200 OK in 19ms (Views: 4.9ms | ActiveRecord: 0.0ms (0 queries, 0 cached) | GC: 0.0ms)


Started GET "/signup" for ::1 at 2025-10-02 00:25:52 -0400
Processing by RegistrationsController#new as HTML
  Rendering layout layouts/application.html.erb
  Rendering registrations/new.html.erb within layouts/application
  Rendered registrations/new.html.erb within layouts/application (Duration: 1.3ms | GC: 0.0ms)
  Rendered layout layouts/application.html.erb (Duration: 1.7ms | GC: 0.0ms)
Completed 200 OK in 34ms (Views: 2.0ms | ActiveRecord: 1.5ms (0 queries, 0 cached) | GC: 0.0ms)


Started POST "/registration" for ::1 at 2025-10-02 00:26:32 -0400
Processing by RegistrationsController#create as TURBO_STREAM
  Parameters: {"authenticity_token"=>"[FILTERED]", "user"=>{"username"=>"Alex.scholtes.test", "email"=>"[FILTERED]", "password"=>"[FILTERED]", "password_confirmation"=>"[FILTERED]"}, "commit"=>"Create Account"}
  [1m[36mTRANSACTION (0.0ms)[0m  [1m[35mBEGIN immediate TRANSACTION /*action='create',application='RubymineTestProject1',controller='registrations'*/[0m
  ↳ app/controllers/registrations_controller.rb:30:in `create'
  [1m[36mUser Exists? (0.6ms)[0m  [1m[34mSELECT 1 AS one FROM "users" WHERE LOWER("users"."username") = LOWER('Alex.scholtes.test') LIMIT 1 /*action='create',application='RubymineTestProject1',controller='registrations'*/[0m
  ↳ app/controllers/registrations_controller.rb:30:in `create'
  [1m[36mUser Exists? (0.0ms)[0m  [1m[34mSELECT 1 AS one FROM "users" WHERE LOWER("users"."email") = LOWER('alex.scholtes@icloud.com') LIMIT 1 /*action='create',application='RubymineTestProject1',controller='registrations'*/[0m
  ↳ app/controllers/registrations_controller.rb:30:in `create'
  [1m[36mTRANSACTION (0.0ms)[0m  [1m[31mROLLBACK TRANSACTION /*action='create',application='RubymineTestProject1',controller='registrations'*/[0m
  ↳ app/controllers/registrations_controller.rb:30:in `create'
  Rendering layout layouts/application.html.erb
  Rendering registrations/new.html.erb within layouts/application
  Rendered registrations/new.html.erb within layouts/application (Duration: 0.6ms | GC: 0.0ms)
  Rendered layout layouts/application.html.erb (Duration: 0.8ms | GC: 0.0ms)
Completed 200 OK in 194ms (Views: 1.2ms | ActiveRecord: 0.7ms (2 queries, 0 cached) | GC: 0.4ms)


Started POST "/registration" for ::1 at 2025-10-02 00:26:35 -0400
Processing by RegistrationsController#create as TURBO_STREAM
  Parameters: {"authenticity_token"=>"[FILTERED]", "user"=>{"username"=>"Alex.scholtes.test", "email"=>"[FILTERED]", "password"=>"[FILTERED]", "password_confirmation"=>"[FILTERED]"}, "commit"=>"Create Account"}
  [1m[36mTRANSACTION (0.0ms)[0m  [1m[35mBEGIN immediate TRANSACTION /*action='create',application='RubymineTestProject1',controller='registrations'*/[0m
  ↳ app/controllers/registrations_controller.rb:30:in `create'
  [1m[36mUser Exists? (0.6ms)[0m  [1m[34mSELECT 1 AS one FROM "users" WHERE LOWER("users"."username") = LOWER('Alex.scholtes.test') LIMIT 1 /*action='create',application='RubymineTestProject1',controller='registrations'*/[0m
  ↳ app/controllers/registrations_controller.rb:30:in `create'
  [1m[36mUser Exists? (0.0ms)[0m  [1m[34mSELECT 1 AS one FROM "users" WHERE LOWER("users"."email") = LOWER('alex.scholtes@icloud.com') LIMIT 1 /*action='create',application='RubymineTestProject1',controller='registrations'*/[0m
  ↳ app/controllers/registrations_controller.rb:30:in `create'
  [1m[36mTRANSACTION (0.0ms)[0m  [1m[31mROLLBACK TRANSACTION /*action='create',application='RubymineTestProject1',controller='registrations'*/[0m
  ↳ app/controllers/registrations_controller.rb:30:in `create'
  Rendering layout layouts/application.html.erb
  Rendering registrations/new.html.erb within layouts/application
  Rendered registrations/new.html.erb within layouts/application (Duration: 0.5ms | GC: 0.0ms)
  Rendered layout layouts/application.html.erb (Duration: 0.8ms | GC: 0.0ms)
Completed 200 OK in 197ms (Views: 0.9ms | ActiveRecord: 0.6ms (2 queries, 0 cached) | GC: 0.3ms)


Started GET "/login" for ::1 at 2025-10-02 00:26:56 -0400
Processing by SessionsController#new as HTML
  Rendering layout layouts/application.html.erb
  Rendering sessions/new.html.erb within layouts/application
  Rendered sessions/new.html.erb within layouts/application (Duration: 0.5ms | GC: 0.0ms)
  Rendered layout layouts/application.html.erb (Duration: 0.9ms | GC: 0.0ms)
Completed 200 OK in 22ms (Views: 1.1ms | ActiveRecord: 0.0ms (0 queries, 0 cached) | GC: 0.0ms)


Started POST "/session" for ::1 at 2025-10-02 00:27:04 -0400
Processing by SessionsController#create as TURBO_STREAM
  Parameters: {"authenticity_token"=>"[FILTERED]", "session"=>{"username"=>"arscholtes@gmail.com", "password"=>"[FILTERED]"}, "commit"=>"Log In"}
  [1m[36mUser Load (0.1ms)[0m  [1m[34mSELECT "users".* FROM "users" WHERE "users"."username" = 'arscholtes@gmail.com' LIMIT 1 /*action='create',application='RubymineTestProject1',controller='sessions'*/[0m
  ↳ app/controllers/sessions_controller.rb:25:in `create'
  [1m[36mUser Load (0.0ms)[0m  [1m[34mSELECT "users".* FROM "users" WHERE "users"."email" = 'arscholtes@gmail.com' LIMIT 1 /*action='create',application='RubymineTestProject1',controller='sessions'*/[0m
  ↳ app/controllers/sessions_controller.rb:26:in `create'
  Rendering layout layouts/application.html.erb
  Rendering sessions/new.html.erb within layouts/application
  Rendered sessions/new.html.erb within layouts/application (Duration: 0.3ms | GC: 0.0ms)
  Rendered layout layouts/application.html.erb (Duration: 0.6ms | GC: 0.0ms)
Completed 200 OK in 24ms (Views: 0.8ms | ActiveRecord: 0.1ms (2 queries, 0 cached) | GC: 0.1ms)


Started POST "/session" for ::1 at 2025-10-02 00:27:17 -0400
Processing by SessionsController#create as TURBO_STREAM
  Parameters: {"authenticity_token"=>"[FILTERED]", "session"=>{"username"=>"alex.scholtes.test", "password"=>"[FILTERED]"}, "commit"=>"Log In"}
  [1m[36mUser Load (0.1ms)[0m  [1m[34mSELECT "users".* FROM "users" WHERE "users"."username" = 'alex.scholtes.test' LIMIT 1 /*action='create',application='RubymineTestProject1',controller='sessions'*/[0m
  ↳ app/controllers/sessions_controller.rb:25:in `create'
  [1m[36mUser Load (0.0ms)[0m  [1m[34mSELECT "users".* FROM "users" WHERE "users"."email" = 'alex.scholtes.test' LIMIT 1 /*action='create',application='RubymineTestProject1',controller='sessions'*/[0m
  ↳ app/controllers/sessions_controller.rb:26:in `create'
  Rendering layout layouts/application.html.erb
  Rendering sessions/new.html.erb within layouts/application
  Rendered sessions/new.html.erb within layouts/application (Duration: 0.3ms | GC: 0.0ms)
  Rendered layout layouts/application.html.erb (Duration: 0.6ms | GC: 0.0ms)
Completed 200 OK in 22ms (Views: 0.8ms | ActiveRecord: 0.1ms (2 queries, 0 cached) | GC: 0.0ms)


  [1m[36mActiveRecord::InternalMetadata Load (0.1ms)[0m  [1m[34mSELECT * FROM "ar_internal_metadata" WHERE "ar_internal_metadata"."key" = 'environment' ORDER BY "ar_internal_metadata"."key" ASC LIMIT 1 /*application='RubymineTestProject1'*/[0m
  [1m[36mActiveRecord::SchemaMigration Load (0.0ms)[0m  [1m[34mSELECT "schema_migrations"."version" FROM "schema_migrations" ORDER BY "schema_migrations"."version" ASC /*application='RubymineTestProject1'*/[0m
Migrating to AddSubscriptionTierToUsers (20251002043146)
  [1m[36mTRANSACTION (0.0ms)[0m  [1m[35mBEGIN immediate TRANSACTION /*application='RubymineTestProject1'*/[0m
  [1m[35m (0.7ms)[0m  [1m[35mALTER TABLE "users" ADD "subscription_tier" varchar DEFAULT 'free' NOT NULL /*application='RubymineTestProject1'*/[0m
  [1m[35m (0.0ms)[0m  [1m[35mCREATE INDEX "index_users_on_subscription_tier" ON "users" ("subscription_tier") /*application='RubymineTestProject1'*/[0m
  [1m[36mActiveRecord::SchemaMigration Create (0.0ms)[0m  [1m[32mINSERT INTO "schema_migrations" ("version") VALUES ('20251002043146') RETURNING "version" /*application='RubymineTestProject1'*/[0m
  [1m[36mTRANSACTION (0.1ms)[0m  [1m[35mCOMMIT TRANSACTION /*application='RubymineTestProject1'*/[0m
  [1m[36mActiveRecord::SchemaMigration Load (0.0ms)[0m  [1m[34mSELECT "schema_migrations"."version" FROM "schema_migrations" ORDER BY "schema_migrations"."version" ASC /*application='RubymineTestProject1'*/[0m
Started GET "/signup" for ::1 at 2025-10-02 00:36:34 -0400
  [1m[36mActiveRecord::SchemaMigration Load (0.0ms)[0m  [1m[34mSELECT "schema_migrations"."version" FROM "schema_migrations" ORDER BY "schema_migrations"."version" ASC /*application='RubymineTestProject1'*/[0m
Processing by RegistrationsController#new as HTML
  Rendering layout layouts/application.html.erb
  Rendering registrations/new.html.erb within layouts/application
  Rendered registrations/new.html.erb within layouts/application (Duration: 0.7ms | GC: 0.0ms)
  Rendered layout layouts/application.html.erb (Duration: 1.7ms | GC: 0.1ms)
Completed 200 OK in 17ms (Views: 2.2ms | ActiveRecord: 0.0ms (0 queries, 0 cached) | GC: 0.2ms)


Started POST "/session" for ::1 at 2025-10-02 00:36:35 -0400
Processing by SessionsController#create as TURBO_STREAM
  Parameters: {"authenticity_token"=>"[FILTERED]", "session"=>{"username"=>"alex.scholtes.test", "password"=>"[FILTERED]"}, "commit"=>"Log In"}
  [1m[36mUser Load (0.8ms)[0m  [1m[34mSELECT "users".* FROM "users" WHERE "users"."username" = 'alex.scholtes.test' LIMIT 1 /*action='create',application='RubymineTestProject1',controller='sessions'*/[0m
  ↳ app/controllers/sessions_controller.rb:25:in `create'
  [1m[36mUser Load (0.0ms)[0m  [1m[34mSELECT "users".* FROM "users" WHERE "users"."email" = 'alex.scholtes.test' LIMIT 1 /*action='create',application='RubymineTestProject1',controller='sessions'*/[0m
  ↳ app/controllers/sessions_controller.rb:26:in `create'
  Rendering layout layouts/application.html.erb
  Rendering sessions/new.html.erb within layouts/application
  Rendered sessions/new.html.erb within layouts/application (Duration: 0.6ms | GC: 0.0ms)
  Rendered layout layouts/application.html.erb (Duration: 0.8ms | GC: 0.0ms)
Completed 200 OK in 22ms (Views: 1.3ms | ActiveRecord: 0.8ms (2 queries, 0 cached) | GC: 0.0ms)


Started GET "/login" for ::1 at 2025-10-02 00:36:43 -0400
Processing by SessionsController#new as HTML
  Rendering layout layouts/application.html.erb
  Rendering sessions/new.html.erb within layouts/application
  Rendered sessions/new.html.erb within layouts/application (Duration: 0.5ms | GC: 0.0ms)
  Rendered layout layouts/application.html.erb (Duration: 0.8ms | GC: 0.0ms)
Completed 200 OK in 19ms (Views: 1.0ms | ActiveRecord: 0.0ms (0 queries, 0 cached) | GC: 0.0ms)


Started POST "/session" for ::1 at 2025-10-02 00:37:03 -0400
Processing by SessionsController#create as TURBO_STREAM
  Parameters: {"authenticity_token"=>"[FILTERED]", "session"=>{"username"=>"Alex.scholtes.test", "password"=>"[FILTERED]"}, "commit"=>"Log In"}
  [1m[36mUser Load (0.1ms)[0m  [1m[34mSELECT "users".* FROM "users" WHERE "users"."username" = 'alex.scholtes.test' LIMIT 1 /*action='create',application='RubymineTestProject1',controller='sessions'*/[0m
  ↳ app/controllers/sessions_controller.rb:25:in `create'
  [1m[36mUser Load (0.0ms)[0m  [1m[34mSELECT "users".* FROM "users" WHERE "users"."email" = 'alex.scholtes.test' LIMIT 1 /*action='create',application='RubymineTestProject1',controller='sessions'*/[0m
  ↳ app/controllers/sessions_controller.rb:26:in `create'
  Rendering layout layouts/application.html.erb
  Rendering sessions/new.html.erb within layouts/application
  Rendered sessions/new.html.erb within layouts/application (Duration: 0.3ms | GC: 0.0ms)
  Rendered layout layouts/application.html.erb (Duration: 0.5ms | GC: 0.0ms)
Completed 200 OK in 17ms (Views: 0.7ms | ActiveRecord: 0.1ms (2 queries, 0 cached) | GC: 0.0ms)


  [1m[36mActiveRecord::SchemaMigration Load (0.1ms)[0m  [1m[34mSELECT "schema_migrations"."version" FROM "schema_migrations" ORDER BY "schema_migrations"."version" ASC /*application='RubymineTestProject1'*/[0m
